Microchip MPLAB XC8 Compiler V2.40

Linker command line:

-W-3 \
  --edf=C:\Program Files\Microchip\xc8\v2.40\pic\dat\20220703182018_en.msgs \
  -cn \
  -h+dist/default/production\PIC18F25K22_MRFC522_16x2_LCD.X.production.sym \
  --cmf=dist/default/production\PIC18F25K22_MRFC522_16x2_LCD.X.production.cmf \
  -z -Q18F25K22 -oC:\Users\farid\AppData\Local\Temp\xcAsbs8.4 \
  --defsym=__MPLAB_BUILD=1 --fixupoverflow=error \
  -Mdist/default/production/PIC18F25K22_MRFC522_16x2_LCD.X.production.map \
  --md=C:\Users\farid\AppData\Local\Temp\xcAsbs8.dat -E1 -ver=XC8 Compiler \
  --acfsm=1493 -ACODE=00h-07FFFh -ACONST=00h-07FFFh \
  -ASMALLCONST=0600h-06FFhx122 -AMEDIUMCONST=0600h-07FFFh -ACOMRAM=01h-05Fh \
  -AABS1=00h-05FFh -ABIGRAM=01h-05FFh -ARAM=060h-0FFh,0100h-01FFhx5 \
  -ABANK0=060h-0FFh -ABANK1=0100h-01FFh -ABANK2=0200h-02FFh \
  -ABANK3=0300h-03FFh -ABANK4=0400h-04FFh -ABANK5=0500h-05FFh \
  -ASFR=0F38h-0F5Fh,0F60h-0FFFh -ABIGSFR=0F38h-0FFFh \
  -ACONFIG=0300000h-030000Dh -AIDLOC=0200000h-0200007h \
  -AEEDATA=0F00000h-0F000FFh -peeprom_data=EEDATA \
  -preset_vec=00h,intcode,intcodelo,powerup,init -pramtop=0600h \
  -psmallconst=SMALLCONST -pmediumconst=MEDIUMCONST -pconst=CONST \
  -AFARRAM=00h-00h \
  -prdata=COMRAM,nvrram=COMRAM,nvbit=COMRAM,rbss=COMRAM,rbit=COMRAM \
  -pfarbss=FARRAM,fardata=FARRAM,nvFARRAM=FARRAM \
  -pintsave_regs=BIGRAM,bigbss=BIGRAM,bigdata=BIGRAM -pbss=RAM \
  -pidata=CODE,irdata=CODE,ibigdata=CODE,ifardata=CODE -prparam=COMRAM \
  C:\Users\farid\AppData\Local\Temp\xcAsbs8.o \
  dist/default/production\PIC18F25K22_MRFC522_16x2_LCD.X.production.o 

Object code version is 3.11

Machine type is 18F25K22



                Name                               Link     Load   Length Selector   Space Scale
C:\Users\farid\AppData\Local\Temp\xcAsbs8.o
                idloc                            200000   200000        8        0       5
                config                           300000   300000        E        0       4
                init                                  0        0        4        0       0
dist/default/production\PIC18F25K22_MRFC522_16x2_LCD.X.production.o
                idloc                            200000   200000        8        0       5
                config                           300000   300000        E        0       4
                text11                             7FAC     7FAC        8     3FD6       0
                text10                             7F8E     7F8E        4     3FC7       0
                text9                              7FB4     7FB4        8     3FDA       0
                text8                              7FBC     7FBC        8     3FDE       0
                text7                              7F92     7F92        4     3FC9       0
                text6                              7FC4     7FC4        8     3FE2       0
                text5                              7F96     7F96        4     3FCB       0
                text4                              7FE2     7FE2       1E     3FF1       0
                text3                              7F9A     7F9A        6     3FCD       0
                text2                              7FCC     7FCC        A     3FE6       0
                text1                              7FA0     7FA0        6     3FD0       0
                text0                              7FD6     7FD6        C     3FEB       0
                cinit                              7FA6     7FA6        6     3FD3       0

TOTAL           Name                               Link     Load   Length     Space
        CLASS   CODE           
                init                                  0        0        4         0
                text11                             7FAC     7FAC        8         0
                text10                             7F8E     7F8E        4         0
                text9                              7FB4     7FB4        8         0
                text8                              7FBC     7FBC        8         0
                text7                              7F92     7F92        4         0
                text6                              7FC4     7FC4        8         0
                text5                              7F96     7F96        4         0
                text4                              7FE2     7FE2       1E         0
                text3                              7F9A     7F9A        6         0
                text2                              7FCC     7FCC        A         0
                text1                              7FA0     7FA0        6         0
                text0                              7FD6     7FD6        C         0
                cinit                              7FA6     7FA6        6         0

        CLASS   CONST          

        CLASS   SMALLCONST     

        CLASS   MEDIUMCONST    

        CLASS   COMRAM         

        CLASS   ABS1           

        CLASS   BIGRAM         

        CLASS   RAM            

        CLASS   BANK0          

        CLASS   BANK1          

        CLASS   BANK2          

        CLASS   BANK3          

        CLASS   BANK4          

        CLASS   BANK5          

        CLASS   SFR            

        CLASS   BIGSFR         

        CLASS   CONFIG         
                config                           300000   300000        E         4

        CLASS   IDLOC          
                idloc                            200000   200000        8         5

        CLASS   EEDATA         

        CLASS   FARRAM         

        CLASS   HEAP           

        CLASS   STACK          



SEGMENTS        Name                           Load    Length   Top    Selector   Space  Class

                reset_vec                      000000  000004  000004         0       0  CODE    
                text10                         007F8E  000004  007F92      3FC7       0  CODE    
                text7                          007F92  000004  007F96      3FC9       0  CODE    
                text5                          007F96  000004  007F9A      3FCB       0  CODE    
                text3                          007F9A  000006  007FA0      3FCD       0  CODE    
                text1                          007FA0  000006  007FA6      3FD0       0  CODE    
                cinit                          007FA6  000006  007FAC      3FD3       0  CODE    
                text11                         007FAC  000008  007FB4      3FD6       0  CODE    
                text9                          007FB4  000008  007FBC      3FDA       0  CODE    
                text8                          007FBC  000008  007FC4      3FDE       0  CODE    
                text6                          007FC4  000008  007FCC      3FE2       0  CODE    
                text2                          007FCC  00000A  007FD6      3FE6       0  CODE    
                text0                          007FD6  00000C  007FE2      3FEB       0  CODE    
                text4                          007FE2  00001E  008000      3FF1       0  CODE    


UNUSED ADDRESS RANGES

        Name                Unused          Largest block    Delta
        BANK0            000060-0000FF               A0
        BANK1            000100-0001FF              100
        BANK2            000200-0002FF              100
        BANK3            000300-0003FF              100
        BANK4            000400-0004FF              100
        BANK5            000500-0005FF              100
        BIGRAM           000001-0005FF              5FF
        BIGSFR           000F38-000FFF               C8
        CODE             000004-007F8D             7F8A
        COMRAM           000001-00005F               5F
        CONST            000004-007F8D             7F8A
        EEDATA           F00000-F000FF              100
        MEDIUMCONST      000600-007F8D             798E
        RAM              000060-0005FF              100
        SFR              000F38-000FFF               28
        SMALLCONST       000600-007F8D              100

                                  Symbol Table

_ANSELB                      (abs)        000F39
_ANSELC                      (abs)        000F3A
_LATB                        (abs)        000F8A
_LATC                        (abs)        000F8B
_MFRC522_Init                text1        007FA0
_PORTC                       (abs)        000F82
_SPI_CS_Output               text11       007FAC
_SPI_CS_Output_High          text10       007F8E
_SPI_GPIO_Init               text4        007FE2
_SPI_Init                    text2        007FCC
_SPI_MISO_Input              text9        007FB4
_SPI_MOSI_Output             text8        007FBC
_SPI_MOSI_Output_Low         text7        007F92
_SPI_SCK_Output              text6        007FC4
_SPI_SCK_Output_Low          text5        007F96
_SPI_Timer_Init              text3        007F9A
_T0CON                       (abs)        000FD5
_TMR0                        (abs)        000FD6
_TRISB                       (abs)        000F93
_TRISC                       (abs)        000F94
__HRAM                       (abs)        000000
__Habs1                      abs1         000000
__Hbank0                     bank0        000000
__Hbank1                     bank1        000000
__Hbank2                     bank2        000000
__Hbank3                     bank3        000000
__Hbank4                     bank4        000000
__Hbank5                     bank5        000000
__Hbigbss                    bigbss       000000
__Hbigdata                   bigdata      000000
__Hbigram                    bigram       000000
__Hbigsfr                    bigsfr       000000
__Hbss                       bss          000000
__Hcinit                     cinit        000000
__Hclrtext                   clrtext      000000
__Hcomram                    comram       000000
__Hconfig                    config       30000E
__Hconst                     const        000000
__HcstackCOMRAM              cstackCOMRAM 000000
__Hdata                      data         000000
__Heeprom_data               eeprom_data  000000
__Hfarbss                    farbss       000000
__Hfardata                   fardata      000000
__Hheap                      heap         000000
__Hibigdata                  ibigdata     000000
__Hidata                     idata        000000
__Hidloc                     idloc        200008
__Hifardata                  ifardata     000000
__Hinit                      init         000004
__Hintcode                   intcode      000000
__Hintcode_body              intcode_body 000000
__Hintcodelo                 intcodelo    000000
__Hintentry                  intentry     000000
__Hintret                    intret       000000
__Hintsave_regs              intsave_regs 000000
__Hirdata                    irdata       000000
__Hmediumconst               mediumconst  000000
__HnvFARRAM                  nvFARRAM     000000
__Hnvbit                     nvbit        000000
__Hnvrram                    nvrram       000000
__Hparam                     rparam       000000
__Hpowerup                   powerup      000000
__Hram                       ram          000000
__Hramtop                    ramtop       000600
__Hrbit                      rbit         000000
__Hrbss                      rbss         000000
__Hrdata                     rdata        000000
__Hreset_vec                 reset_vec    000000
__Hrparam                    rparam       000000
__Hsfr                       sfr          000000
__Hsmallconst                smallconst   000000
__Hspace_0                   (abs)        008000
__Hspace_1                   (abs)        000000
__Hspace_2                   (abs)        000000
__Hspace_4                   (abs)        60000E
__Hstack                     stack        000000
__Hstruct                    struct       000000
__Htemp                      temp         000000
__Htext                      text         000000
__Htext0                     text0        000000
__Htext1                     text1        000000
__Htext10                    text10       000000
__Htext11                    text11       000000
__Htext2                     text2        000000
__Htext3                     text3        000000
__Htext4                     text4        000000
__Htext5                     text5        000000
__Htext6                     text6        000000
__Htext7                     text7        000000
__Htext8                     text8        000000
__Htext9                     text9        000000
__LRAM                       (abs)        000001
__Labs1                      abs1         000000
__Lbank0                     bank0        000000
__Lbank1                     bank1        000000
__Lbank2                     bank2        000000
__Lbank3                     bank3        000000
__Lbank4                     bank4        000000
__Lbank5                     bank5        000000
__Lbigbss                    bigbss       000000
__Lbigdata                   bigdata      000000
__Lbigram                    bigram       000000
__Lbigsfr                    bigsfr       000000
__Lbss                       bss          000000
__Lcinit                     cinit        000000
__Lclrtext                   clrtext      000000
__Lcomram                    comram       000000
__Lconfig                    config       000000
__Lconst                     const        000000
__LcstackCOMRAM              cstackCOMRAM 000000
__Ldata                      data         000000
__Leeprom_data               eeprom_data  000000
__Lfarbss                    farbss       000000
__Lfardata                   fardata      000000
__Lheap                      heap         000000
__Libigdata                  ibigdata     000000
__Lidata                     idata        000000
__Lidloc                     idloc        000000
__Lifardata                  ifardata     000000
__Linit                      init         000000
__Lintcode                   intcode      000000
__Lintcode_body              intcode_body 000000
__Lintcodelo                 intcodelo    000000
__Lintentry                  intentry     000000
__Lintret                    intret       000000
__Lintsave_regs              intsave_regs 000000
__Lirdata                    irdata       000000
__Lmediumconst               mediumconst  000000
__LnvFARRAM                  nvFARRAM     000000
__Lnvbit                     nvbit        000000
__Lnvrram                    nvrram       000000
__Lparam                     rparam       000000
__Lpowerup                   powerup      000000
__Lram                       ram          000000
__Lramtop                    ramtop       000600
__Lrbit                      rbit         000000
__Lrbss                      rbss         000000
__Lrdata                     rdata        000000
__Lreset_vec                 reset_vec    000000
__Lrparam                    rparam       000000
__Lsfr                       sfr          000000
__Lsmallconst                smallconst   000000
__Lspace_0                   (abs)        000000
__Lspace_1                   (abs)        000000
__Lspace_2                   (abs)        000000
__Lspace_4                   (abs)        000000
__Lstack                     stack        000000
__Lstruct                    struct       000000
__Ltemp                      temp         000000
__Ltext                      text         000000
__Ltext0                     text0        000000
__Ltext1                     text1        000000
__Ltext10                    text10       000000
__Ltext11                    text11       000000
__Ltext2                     text2        000000
__Ltext3                     text3        000000
__Ltext4                     text4        000000
__Ltext5                     text5        000000
__Ltext6                     text6        000000
__Ltext7                     text7        000000
__Ltext8                     text8        000000
__Ltext9                     text9        000000
__S0                         (abs)        008000
__S1                         (abs)        000000
__S4                         (abs)        000000
__S5                         (abs)        000000
___heap_hi                   (abs)        000000
___heap_lo                   (abs)        000000
___inthi_sp                  stack        000000
___intlo_sp                  stack        000000
___param_bank                (abs)        000000
___rparam_used               (abs)        000001
___sp                        stack        000000
__accesstop                  (abs)        000060
__activetblptr               (abs)        000000
__end_of_MFRC522_Init        text1        007FA6
__end_of_SPI_CS_Output       text11       007FB4
__end_of_SPI_CS_Output_High  text10       007F92
__end_of_SPI_GPIO_Init       text4        008000
__end_of_SPI_Init            text2        007FD6
__end_of_SPI_MISO_Input      text9        007FBC
__end_of_SPI_MOSI_Output     text8        007FC4
__end_of_SPI_MOSI_Output_Low text7        007F96
__end_of_SPI_SCK_Output      text6        007FCC
__end_of_SPI_SCK_Output_Low  text5        007F9A
__end_of_SPI_Timer_Init      text3        007FA0
__end_of__initialization     cinit        007FA6
__end_of_main                text0        007FE2
__initialization             cinit        007FA6
__mediumconst                mediumconst  000000
__pcinit                     cinit        007FA6
__pcstackCOMRAM              cstackCOMRAM 000000
__ptext0                     text0        007FD6
__ptext1                     text1        007FA0
__ptext10                    text10       007F8E
__ptext11                    text11       007FAC
__ptext2                     text2        007FCC
__ptext3                     text3        007F9A
__ptext4                     text4        007FE2
__ptext5                     text5        007F96
__ptext6                     text6        007FC4
__ptext7                     text7        007F92
__ptext8                     text8        007FBC
__ptext9                     text9        007FB4
__ramtop                     ramtop       000600
__smallconst                 smallconst   000000
_main                        text0        007FD6
end_of_initialization        cinit        007FA6
intlevel0                    text         000000
intlevel1                    text         000000
intlevel2                    text         000000
intlevel3                    text         000000
isa$std                      (abs)        000001
isa$xinst                    (abs)        000000
stackhi                      (abs)        000000
stacklo                      (abs)        000000
start                        init         000000
start_initialization         cinit        007FA6


MODULE INFORMATION

Module		Function		Class		Link	Load	Size
mfrc522.c
		_MFRC522_Init  		CODE           	7FA0	0000	6

mfrc522.c estimated size: 6

spi.c
		_SPI_GPIO_Init 		CODE           	7FE2	0000	30
		_SPI_MOSI_Output		CODE           	7FBC	0000	8
		_SPI_SCK_Output		CODE           	7FC4	0000	8
		_SPI_CS_Output 		CODE           	7FAC	0000	8
		_SPI_Init      		CODE           	7FCC	0000	10
		_SPI_SCK_Output_Low		CODE           	7F96	0000	4
		_SPI_MISO_Input		CODE           	7FB4	0000	8
		_SPI_CS_Output_High		CODE           	7F8E	0000	4
		_SPI_Timer_Init		CODE           	7F9A	0000	6
		_SPI_MOSI_Output_Low		CODE           	7F92	0000	4

spi.c estimated size: 90

shared
		__initialization		CODE           	7FA6	0000	1

shared estimated size: 1

main.c
		_main          		CODE           	7FD6	0000	12

main.c estimated size: 12

